Aditya_Padiyara_Resume.pdf elapsed time => 0.1009
Convict-Conditioning-PDF.pdf elapsed time => 0.1599
Aditya_Resume.docx elapsed time => 0.1700
Aditya_Padiyara_Resume.pdf elapsed time => 0.0893
Convict-Conditioning-PDF.pdf elapsed time => 0.1540
Aditya_Resume.docx elapsed time => 0.1634
Aditya_Padiyara_Resume.pdf elapsed time => 0.0786
Convict-Conditioning-PDF.pdf elapsed time => 0.1553
Atulya_Padiyara_Resume_Google_Digital_Marketing.docx elapsed time => 0.1634
a.pdf elapsed time => 0.0364
c.pdf elapsed time => 0.1196
p.docx elapsed time => 0.0111
a.pdf elapsed time => 0.0363
c.pdf elapsed time => 0.1186
p.docx elapsed time => 0.0110
a.pdf elapsed time => 0.0366
c.pdf elapsed time => 0.1184
p.docx elapsed time => 0.0109
a.pdf elapsed time => 0.0359
c.pdf elapsed time => 0.1174
p.docx elapsed time => 0.0098
